// Jest Snapshot v1, https://goo.gl/fbAQLP

exports[`LabelMenus renders correctly 1`] = `
<div>
  <div
    className="labelTitle"
  >
    <h1
      className="headerTitle"
    >
      Data Nutrition Label
    </h1>
    <div
      className="pageSubHeaderRow"
    >
      <h2
        className="datasetLabelHeader"
      >
        College Scoreboard Dataset 2020
      </h2>
      <a
        className="iconLink"
        href="#"
      >
        <img
          alt="icon for link"
          className="iconLinkImg"
          id="datasetLink"
          src="linkimg.png"
        />
      </a>
    </div>
    <div
      className="link"
    >
      <p
        className="datasetOriginLink"
      >
        US Department of Education
      </p>
    </div>
    <div
      className="link"
    >
      <a
        className="datasetLink"
        href="#"
      >
        <img
          alt=""
          id="datasetLink"
          src="/linkimg.png"
        />
      </a>
    </div>
    <span
      className="weightedLine"
    >
       
    </span>
  </div>
  <div
    className="flexComponents"
  >
    <div
      className="labelMenu"
      style={
        Object {
          "display": Array [
            "Use Cases and Alerts",
            "Overview",
            "Maintenance",
          ],
        }
      }
    >
      <div
        className="labelMenus"
        id="selectButton"
        onClick={[Function]}
        onKeyPress={[Function]}
        role="button"
        tabIndex={1}
      >
        <div
          style={
            Object {
              "display": "none",
            }
          }
        />
        <span
          className="menuTitle"
        >
          Use Cases and Alerts
        </span>
        <div
          className="flexbox"
        >
          <p
            className="labelMenuDescription"
          >
            Lorem
          </p>
          <span
            className="weightedLine"
          />
        </div>
        <p
          className="menuParagraph"
        >
          Qui ut occaecat exercitation amet mollit excepteur do aliquip et sunt sit aliqua consectetur. Sit minim voluptate aliqua id do velit deserunt. Voluptate irure proident esse sint duis mollit culpa eiusmod officia ullamco aliqua in magna dolore.
        </p>
      </div>
      <div
        className="labelMenus"
        id="selectButton"
        onClick={[Function]}
        onKeyPress={[Function]}
        role="button"
        tabIndex={2}
      >
        <div
          style={
            Object {
              "display": "none",
            }
          }
        />
        <span
          className="menuTitle"
        >
          Overview
        </span>
        <div
          className="flexbox"
        >
          <p
            className="labelMenuDescription"
          >
            Lorem
          </p>
          <span
            className="weightedLine"
          />
        </div>
        <p
          className="menuParagraph"
        >
          Qui ut occaecat exercitation amet mollit excepteur do aliquip et sunt sit aliqua consectetur. Sit minim voluptate aliqua id do velit deserunt. Voluptate irure proident esse sint duis mollit culpa eiusmod officia ullamco aliqua in magna dolore.
        </p>
      </div>
      <div
        className="labelMenus"
        id="selectButton"
        onClick={[Function]}
        onKeyPress={[Function]}
        role="button"
        tabIndex={3}
      >
        <div
          style={
            Object {
              "display": "none",
            }
          }
        />
        <span
          className="menuTitle"
        >
          Maintenance
        </span>
        <div
          className="flexbox"
        >
          <p
            className="labelMenuDescription"
          >
            Lorem
          </p>
          <span
            className="weightedLine"
          />
        </div>
        <p
          className="menuParagraph"
        >
          Qui ut occaecat exercitation amet mollit excepteur do aliquip et sunt sit aliqua consectetur. Sit minim voluptate aliqua id do velit deserunt. Voluptate irure proident esse sint duis mollit culpa eiusmod officia ullamco aliqua in magna dolore.
        </p>
      </div>
    </div>
    <div
      className="sectionBase"
    >
      <h1
        className="sectionBaseHeader"
      >
         
      </h1>
      <span
        className="weightedLine"
      >
        <h2>
           
        </h2>
      </span>
      <span
        className="lightLine"
      >
        <h1>
           
        </h1>
      </span>
      <span
        className="lightLine"
      >
        <h1>
           
        </h1>
      </span>
    </div>
  </div>
</div>
`;
