// Jest Snapshot v1, https://goo.gl/fbAQLP

exports[`Test second page render renders correctly 1`] = `<LabelWrapper />`;
